stroke:#FFFFFF I L0C0N1814 
stroke:#FFFFFF I L0C1N11 
stroke:#FFFFFF I L0C2N19 
stroke:#FFFFFF I L0C3N10 
stroke:#FFFFFF I L0C4N5 
stroke:#FFFFFF I L0C5N19 
stroke:#FFFFFF I L0C6N4 
stroke:#FFFFFF I L0C7N5 
stroke:#FFFFFF I L0C8N6 
stroke:#FFFFFF I L0C9N7 
stroke:#FFFFFF I L0C10N5 
stroke:#FFFFFF I L0C11N6 
stroke:#121212 I L0C12N2822 
stroke:#CFCFCF I L0C13N5 
stroke:#CACACA I L0C14N6 
stroke:#CACACA I L0C15N6 
stroke:#B8B8B8 I L0C16N11 
stroke:#CACACA I L0C17N6 
stroke:#CACACA I L0C18N6 
stroke:#FFFFFF I L1C0N2310 
stroke:#FFFFFF I L1C1N14 
stroke:#FFFFFF I L1C2N5 
stroke:#FFFFFF I L1C3N8 
stroke:#FFFFFF I L1C4N5 
stroke:#FFFFFF I L1C5N8 
stroke:#FFFFFF I L1C6N7 
stroke:#FFFFFF I L1C7N8 
stroke:#FFFFFF I L1C8N7 
stroke:#0E0E0E I L1C9N3174 
stroke:#CACACA I L1C10N6 
stroke:#DFDFDF I L1C11N4 
stroke:#BBBBBB I L1C12N10 
stroke:#CACACA I L1C13N6 
stroke:#CACACA I L1C14N6 
stroke:#CFCFCF I L1C15N5 
stroke:#C1C1C1 I L1C16N8 
stroke:#CFCFCF I L2C0N2719 
stroke:#FFFFFF I L2C1N14 
stroke:#FFFFFF I L2C2N7 
stroke:#FFFFFF I L2C3N5 
stroke:#FFFFFF I L2C4N6 
stroke:#FFFFFF I L2C5N12 
stroke:#FFFFFF I L2C6N10 
stroke:#FFFFFF I L2C7N8 
stroke:#FFFFFF I L2C8N8 
stroke:#0C0C0C I L2C9N3451 
stroke:#BBBBBB I L2C10N10 
stroke:#CACACA I L2C11N6 
stroke:#CACACA I L2C12N6 
stroke:#D6D6D6 I L2C13N5 
stroke:#CFCFCF I L3C0N2822 
stroke:#FFFFFF I L3C1N14 
stroke:#FFFFFF I L3C2N5 
stroke:#FFFFFF I L3C3N6 
stroke:#FFFFFF I L3C4N11 
stroke:#FFFFFF I L3C5N14 
stroke:#FFFFFF I L3C6N8 
stroke:#FFFFFF I L3C7N8 
stroke:#0B0B0B I L3C8N3534 
stroke:#BEBEBE I L3C9N9 
stroke:#CACACA I L3C10N6 
stroke:#C5C5C5 I L3C11N7 
stroke:#CFCFCF I L4C0N2970 
stroke:#FFFFFF I L4C1N7 
stroke:#FFFFFF I L4C2N16 
stroke:#FFFFFF I L4C3N6 
stroke:#FFFFFF I L4C4N8 
stroke:#0A0A0A I L4C5N3605 
stroke:#BBBBBB I L4C6N10 
stroke:#B8B8B8 I L4C7N11 
stroke:#CACACA I L5C0N3216 
stroke:#FFFFFF I L5C1N7 
stroke:#FFFFFF I L5C2N5 
stroke:#FFFFFF I L5C3N16 
stroke:#FFFFFF I L5C4N4 
stroke:#FFFFFF I L5C5N9 
stroke:#090909 I L5C6N3784 
stroke:#050505 I L6C0N8143 
stroke:#FFFFFF I L6C1N4 
stroke:#FFFFFF I L6C2N3 
stroke:#EBEBEB I L6C3N4 
stroke:#050505 I L7C0N8274 
stroke:#FFFFFF I L7C1N4 
stroke:#EBEBEB I L7C2N4 
stroke:#050505 I L8C0N8464 
stroke:#FFFFFF I L8C1N4 
stroke:#040404 I L9C0N8546 
