stroke:#1F1F1F I L0C0N1814 
stroke:#B8B8B8 I L0C1N11 
stroke:#A7A7A7 I L0C2N19 
stroke:#BBBBBB I L0C3N10 
stroke:#CFCFCF I L0C4N5 
stroke:#A7A7A7 I L0C5N19 
stroke:#D6D6D6 I L0C6N4 
stroke:#CFCFCF I L0C7N5 
stroke:#CACACA I L0C8N6 
stroke:#C5C5C5 I L0C9N7 
stroke:#CFCFCF I L0C10N5 
stroke:#CACACA I L0C11N6 
stroke:#FFFFFF I L0C12N2822 
stroke:#FFFFFF I L0C13N5 
stroke:#FFFFFF I L0C14N6 
stroke:#FFFFFF I L0C15N6 
stroke:#FFFFFF I L0C16N11 
stroke:#FFFFFF I L0C17N6 
stroke:#FFFFFF I L0C18N6 
stroke:#181818 I L1C0N2310 
stroke:#B0B0B0 I L1C1N14 
stroke:#CFCFCF I L1C2N5 
stroke:#C1C1C1 I L1C3N8 
stroke:#CFCFCF I L1C4N5 
stroke:#C1C1C1 I L1C5N8 
stroke:#C5C5C5 I L1C6N7 
stroke:#C1C1C1 I L1C7N8 
stroke:#C5C5C5 I L1C8N7 
stroke:#FFFFFF I L1C9N3174 
stroke:#FFFFFF I L1C10N6 
stroke:#FFFFFF I L1C11N4 
stroke:#FFFFFF I L1C12N10 
stroke:#FFFFFF I L1C13N6 
stroke:#FFFFFF I L1C14N6 
stroke:#FFFFFF I L1C15N5 
stroke:#FFFFFF I L1C16N8 
stroke:#131313 I L2C0N2719 
stroke:#B0B0B0 I L2C1N14 
stroke:#C5C5C5 I L2C2N7 
stroke:#CFCFCF I L2C3N5 
stroke:#CACACA I L2C4N6 
stroke:#B5B5B5 I L2C5N12 
stroke:#BBBBBB I L2C6N10 
stroke:#C1C1C1 I L2C7N8 
stroke:#C1C1C1 I L2C8N8 
stroke:#EBEBEB I L2C9N3451 
stroke:#FFFFFF I L2C10N10 
stroke:#FFFFFF I L2C11N6 
stroke:#FFFFFF I L2C12N6 
stroke:#FFFFFF I L2C13N5 
stroke:#121212 I L3C0N2822 
stroke:#B0B0B0 I L3C1N14 
stroke:#CFCFCF I L3C2N5 
stroke:#CACACA I L3C3N6 
stroke:#B8B8B8 I L3C4N11 
stroke:#B0B0B0 I L3C5N14 
stroke:#C1C1C1 I L3C6N8 
stroke:#C1C1C1 I L3C7N8 
stroke:#D6D6D6 I L3C8N3534 
stroke:#FFFFFF I L3C9N9 
stroke:#FFFFFF I L3C10N6 
stroke:#FFFFFF I L3C11N7 
stroke:#101010 I L4C0N2970 
stroke:#C5C5C5 I L4C1N7 
stroke:#ACACAC I L4C2N16 
stroke:#CACACA I L4C3N6 
stroke:#C1C1C1 I L4C4N8 
stroke:#D6D6D6 I L4C5N3605 
stroke:#FFFFFF I L4C6N10 
stroke:#FFFFFF I L4C7N11 
stroke:#0E0E0E I L5C0N3216 
stroke:#C5C5C5 I L5C1N7 
stroke:#CFCFCF I L5C2N5 
stroke:#ACACAC I L5C3N16 
stroke:#D6D6D6 I L5C4N4 
stroke:#BEBEBE I L5C5N9 
stroke:#D6D6D6 I L5C6N3784 
stroke:#080808 I L6C0N8143 
stroke:#D6D6D6 I L6C1N4 
stroke:#DFDFDF I L6C2N3 
stroke:#EBEBEB I L6C3N4 
stroke:#070707 I L7C0N8274 
stroke:#D6D6D6 I L7C1N4 
stroke:#EBEBEB I L7C2N4 
stroke:#060606 I L8C0N8464 
stroke:#D6D6D6 I L8C1N4 
stroke:#060606 I L9C0N8546 
